<html>
<body>
<pre>
<h1>礦ision Build Log</h1>
<h2>Tool Versions:</h2>
IDE-Version: μVision V5.14.0.0
Copyright (C) 2015 ARM Ltd and ARM Germany GmbH. All rights reserved.
License Information: Wong noubo, ChineseErzhong, LIC=S5IHL-0FN4H-FZZWU-SYVVN-Q16VI-BQP5X
 
Tool Versions:
Toolchain:       MDK-ARM Professional  Version: 5.14.0.0
Toolchain Path:  C:\Keil_v5\ARM\ARMCC\Bin
C Compiler:      Armcc.exe V5.05 update 1 (build 106)
Assembler:       Armasm.exe V5.05 update 1 (build 106)
Linker/Locator:  ArmLink.exe V5.05 update 1 (build 106)
Library Manager: ArmAr.exe V5.05 update 1 (build 106)
Hex Converter:   FromElf.exe V5.05 update 1 (build 106)
CPU DLL:         SARMCM3.DLL V5.14.0.0
Dialog DLL:      DARMSTM.DLL V1.65.0.0
Target DLL:      STLink\ST-LINKIII-KEIL_SWO.dll V2.0.14.0_KEIL
Dialog DLL:      TARMSTM.DLL V1.64.0.0
 
<h2>Project:</h2>
C:\Users\Wongnoubo\Desktop\专利\宠物端阅读器\USER\PICTURE.uvprojx
Project File Date:  11/02/2018

<h2>Output:</h2>
Build target 'PICTURE'
compiling main.c...
..\HARDWARE\BEEP\beep.h(4): warning:  #1-D: last line of file ends without a newline
  void LED_Init(void);
..\HARDWARE\KEYBOARD\keyboard.h(4): warning:  #1-D: last line of file ends without a newline
  int Keyscan();
..\HARDWARE\KEYBOARD\keyboard.h(4): warning:  #1295-D: Deprecated declaration Keyscan - give arg types
  int Keyscan();
main.c(96): warning:  #550-D: variable "flag_function_1" was set but never used
        unsigned flag_function_1=0;
main.c(232): warning:  #111-D: statement is unreachable
                                break;
main.c: 5 warnings, 0 errors
linking...
Program Size: Code=88022 RO-data=10046 RW-data=516 ZI-data=51592  
FromELF: creating hex file...
"..\OBJ\PICTURE.axf" - 0 Error(s), 5 Warning(s).

<h2>Collection of Component include folders:</h2>
  C:\Users\Wongnoubo\Desktop\专利\宠物端阅读器\USER\RTE
  C:\Keil_v5\ARM\PACK\Keil\STM32F1xx_DFP\1.0.5\Device\Include

<h2>Collection of Component Files used:</h2>
</pre>
</body>
</html>
